// Jest Snapshot v1, https://goo.gl/fbAQLP

exports[`Bar tests renders correctly 1`] = `
<div>
  <div>
    The bar page with categoryId of 
    0
     and productId of 
    baz
  </div>
</div>
`;
