// Jest Snapshot v1, https://goo.gl/fbAQLP

exports[`Bar tests renders correctly 1`] = `
<div>
  <thank
    categoryid="0"
    productid="baz"
  />
</div>
`;
